[2026-08-07T15:07:39.937137-03:00] app.INFO: [MAIL] E-mail sent {"to":"alercio.borges@gmail.com","subject":"Redefinição de senha","template":"reset-password.twig"} []
[2026-08-07T15:07:41.155188-03:00] app.DEBUG: [SMTP] SERVER -> CLIENT: 220 smtp.gmail.com ESMTP 5a478bee46e88-315be86f98esm9813274eec.6 - gsmtp [] []
[2026-08-07T15:07:41.156705-03:00] app.DEBUG: [SMTP] CLIENT -> SERVER: EHLO localhost [] []
[2026-08-07T15:07:41.428036-03:00] app.DEBUG: [SMTP] SERVER -> CLIENT: 250-smtp.gmail.com at your service, [186.192.164.60] 250-SIZE 35882577 250-8BITMIME 250-STARTTLS 250-ENHANCEDSTATUSCODES 250-PIPELINING 250-CHUNKING 250 SMTPUTF8 [] []
[2026-08-07T15:07:41.429214-03:00] app.DEBUG: [SMTP] CLIENT -> SERVER: STARTTLS [] []
[2026-08-07T15:07:41.598612-03:00] app.DEBUG: [SMTP] SERVER -> CLIENT: 220 2.0.0 Ready to start TLS [] []
[2026-08-07T15:07:41.816040-03:00] app.DEBUG: [SMTP] CLIENT -> SERVER: EHLO localhost [] []
[2026-08-07T15:07:41.986374-03:00] app.DEBUG: [SMTP] SERVER -> CLIENT: 250-smtp.gmail.com at your service, [186.192.164.60] 250-SIZE 35882577 250-8BITMIME 250-AUTH LOGIN PLAIN XOAUTH2 PLAIN-CLIENTTOKEN OAUTHBEARER XOAUTH 250-ENHANCEDSTATUSCODES 250-PIPELINING 250-CHUNKING 250 SMTPUTF8 [] []
[2026-08-07T15:07:41.987546-03:00] app.DEBUG: [SMTP] CLIENT -> SERVER: AUTH LOGIN [] []
[2026-08-07T15:07:42.157270-03:00] app.DEBUG: [SMTP] SERVER -> CLIENT: 334 VXNlcm5hbWU6 [] []
[2026-08-07T15:07:42.158229-03:00] app.DEBUG: [SMTP] CLIENT -> SERVER: [credentials hidden] [] []
[2026-08-07T15:07:42.328002-03:00] app.DEBUG: [SMTP] SERVER -> CLIENT: 334 UGFzc3dvcmQ6 [] []
[2026-08-07T15:07:42.328946-03:00] app.DEBUG: [SMTP] CLIENT -> SERVER: [credentials hidden] [] []
[2026-08-07T15:07:42.786934-03:00] app.DEBUG: [SMTP] SERVER -> CLIENT: 235 2.7.0 Accepted [] []
[2026-08-07T15:07:42.787324-03:00] app.DEBUG: [SMTP] CLIENT -> SERVER: MAIL FROM:<alercio.borges@gmail.com> [] []
[2026-08-07T15:07:42.959176-03:00] app.DEBUG: [SMTP] SERVER -> CLIENT: 250 2.1.0 OK 5a478bee46e88-315be86f98esm9813274eec.6 - gsmtp [] []
[2026-08-07T15:07:42.959775-03:00] app.DEBUG: [SMTP] CLIENT -> SERVER: RCPT TO:<alercio.borges@gmail.com> [] []
[2026-08-07T15:07:43.128711-03:00] app.DEBUG: [SMTP] SERVER -> CLIENT: 250 2.1.5 OK 5a478bee46e88-315be86f98esm9813274eec.6 - gsmtp [] []
[2026-08-07T15:07:43.129234-03:00] app.DEBUG: [SMTP] CLIENT -> SERVER: DATA [] []
[2026-08-07T15:07:43.499219-03:00] app.DEBUG: [SMTP] SERVER -> CLIENT: 354 Go ahead 5a478bee46e88-315be86f98esm9813274eec.6 - gsmtp [] []
[2026-08-07T15:07:43.500217-03:00] app.DEBUG: [SMTP] CLIENT -> SERVER: Date: Fri, 7 Aug 2026 15:07:39 -0300 [] []
[2026-08-07T15:07:43.501403-03:00] app.DEBUG: [SMTP] CLIENT -> SERVER: To: alercio.borges@gmail.com [] []
[2026-08-07T15:07:43.502542-03:00] app.DEBUG: [SMTP] CLIENT -> SERVER: From: Dashboard <alercio.borges@gmail.com> [] []
[2026-08-07T15:07:43.503693-03:00] app.DEBUG: [SMTP] CLIENT -> SERVER: Subject: =?UTF-8?Q?Redefini=C3=A7=C3=A3o_de_senha?= [] []
[2026-08-07T15:07:43.505096-03:00] app.DEBUG: [SMTP] CLIENT -> SERVER: Message-ID: <4clt61yPoUGYTNq3R2C99V0eovxQNSZgsEL8ryzteSc@localhost> [] []
[2026-08-07T15:07:43.506192-03:00] app.DEBUG: [SMTP] CLIENT -> SERVER: X-Mailer: PHPMailer 7.1.1 (https://github.com/PHPMailer/PHPMailer) [] []
[2026-08-07T15:07:43.507200-03:00] app.DEBUG: [SMTP] CLIENT -> SERVER: MIME-Version: 1.0 [] []
[2026-08-07T15:07:43.508051-03:00] app.DEBUG: [SMTP] CLIENT -> SERVER: Content-Type: multipart/alternative; [] []
[2026-08-07T15:07:43.508935-03:00] app.DEBUG: [SMTP] CLIENT -> SERVER:  boundary="b1=_4clt61yPoUGYTNq3R2C99V0eovxQNSZgsEL8ryzteSc" [] []
[2026-08-07T15:07:43.509826-03:00] app.DEBUG: [SMTP] CLIENT -> SERVER: Content-Transfer-Encoding: 8bit [] []
[2026-08-07T15:07:43.510657-03:00] app.DEBUG: [SMTP] CLIENT -> SERVER: [] []
[2026-08-07T15:07:43.511478-03:00] app.DEBUG: [SMTP] CLIENT -> SERVER: --b1=_4clt61yPoUGYTNq3R2C99V0eovxQNSZgsEL8ryzteSc [] []
[2026-08-07T15:07:43.512358-03:00] app.DEBUG: [SMTP] CLIENT -> SERVER: Content-Type: text/plain; charset=UTF-8 [] []
[2026-08-07T15:07:43.513174-03:00] app.DEBUG: [SMTP] CLIENT -> SERVER: Content-Transfer-Encoding: 8bit [] []
[2026-08-07T15:07:43.514136-03:00] app.DEBUG: [SMTP] CLIENT -> SERVER: [] []
[2026-08-07T15:07:43.514937-03:00] app.DEBUG: [SMTP] CLIENT -> SERVER: [] []
[2026-08-07T15:07:43.515756-03:00] app.DEBUG: [SMTP] CLIENT -> SERVER: [] []
[2026-08-07T15:07:43.516542-03:00] app.DEBUG: [SMTP] CLIENT -> SERVER: [] []
[2026-08-07T15:07:43.517364-03:00] app.DEBUG: [SMTP] CLIENT -> SERVER: [] []
[2026-08-07T15:07:43.520600-03:00] app.DEBUG: [SMTP] CLIENT -> SERVER: [] []
[2026-08-07T15:07:43.521855-03:00] app.DEBUG: [SMTP] CLIENT -> SERVER:     Redefinição de senha [] []
[2026-08-07T15:07:43.522718-03:00] app.DEBUG: [SMTP] CLIENT -> SERVER: [] []
[2026-08-07T15:07:43.523599-03:00] app.DEBUG: [SMTP] CLIENT -> SERVER:         * { [] []
[2026-08-07T15:07:43.524460-03:00] app.DEBUG: [SMTP] CLIENT -> SERVER:             margin: 0; [] []
[2026-08-07T15:07:43.525321-03:00] app.DEBUG: [SMTP] CLIENT -> SERVER:             padding: 0; [] []
[2026-08-07T15:07:43.526153-03:00] app.DEBUG: [SMTP] CLIENT -> SERVER:             box-sizing: border-box; [] []
[2026-08-07T15:07:43.526992-03:00] app.DEBUG: [SMTP] CLIENT -> SERVER:         } [] []
[2026-08-07T15:07:43.527825-03:00] app.DEBUG: [SMTP] CLIENT -> SERVER: [] []
[2026-08-07T15:07:43.528620-03:00] app.DEBUG: [SMTP] CLIENT -> SERVER:         body { [] []
[2026-08-07T15:07:43.529515-03:00] app.DEBUG: [SMTP] CLIENT -> SERVER:             font-family: -apple-system, BlinkMacSystemFont, 'Segoe UI', Roboto, Oxygen, Ubuntu, Cantarell, sans-serif; [] []
[2026-08-07T15:07:43.530337-03:00] app.DEBUG: [SMTP] CLIENT -> SERVER:             background-color: #e8e8e8; [] []
[2026-08-07T15:07:43.531175-03:00] app.DEBUG: [SMTP] CLIENT -> SERVER:             padding: 40px 20px; [] []
[2026-08-07T15:07:43.531992-03:00] app.DEBUG: [SMTP] CLIENT -> SERVER:             line-height: 1.6; [] []
[2026-08-07T15:07:43.532780-03:00] app.DEBUG: [SMTP] CLIENT -> SERVER:         } [] []
[2026-08-07T15:07:43.533477-03:00] app.DEBUG: [SMTP] CLIENT -> SERVER: [] []
[2026-08-07T15:07:43.533839-03:00] app.DEBUG: [SMTP] CLIENT -> SERVER:         .container { [] []
[2026-08-07T15:07:43.535159-03:00] app.DEBUG: [SMTP] CLIENT -> SERVER:             max-width: 600px; [] []
[2026-08-07T15:07:43.535665-03:00] app.DEBUG: [SMTP] CLIENT -> SERVER:             margin: 0 auto; [] []
[2026-08-07T15:07:43.536137-03:00] app.DEBUG: [SMTP] CLIENT -> SERVER:         } [] []
[2026-08-07T15:07:43.536531-03:00] app.DEBUG: [SMTP] CLIENT -> SERVER: [] []
[2026-08-07T15:07:43.536924-03:00] app.DEBUG: [SMTP] CLIENT -> SERVER:         .header { [] []
[2026-08-07T15:07:43.537391-03:00] app.DEBUG: [SMTP] CLIENT -> SERVER:             display: flex; [] []
[2026-08-07T15:07:43.537816-03:00] app.DEBUG: [SMTP] CLIENT -> SERVER:             justify-content: space-between; [] []
[2026-08-07T15:07:43.538193-03:00] app.DEBUG: [SMTP] CLIENT -> SERVER:             width: 100%; [] []
[2026-08-07T15:07:43.538680-03:00] app.DEBUG: [SMTP] CLIENT -> SERVER:             border: 1px solid black; [] []
[2026-08-07T15:07:43.539051-03:00] app.DEBUG: [SMTP] CLIENT -> SERVER:         } [] []
[2026-08-07T15:07:43.539426-03:00] app.DEBUG: [SMTP] CLIENT -> SERVER: [] []
[2026-08-07T15:07:43.539790-03:00] app.DEBUG: [SMTP] CLIENT -> SERVER:         .logo { [] []
[2026-08-07T15:07:43.540165-03:00] app.DEBUG: [SMTP] CLIENT -> SERVER:             font-size: 32px; [] []
[2026-08-07T15:07:43.540535-03:00] app.DEBUG: [SMTP] CLIENT -> SERVER:             font-weight: bold; [] []
[2026-08-07T15:07:43.540909-03:00] app.DEBUG: [SMTP] CLIENT -> SERVER:             color: #b8b8b8; [] []
[2026-08-07T15:07:43.541347-03:00] app.DEBUG: [SMTP] CLIENT -> SERVER:             letter-spacing: -1px; [] []
[2026-08-07T15:07:43.541758-03:00] app.DEBUG: [SMTP] CLIENT -> SERVER:         } [] []
[2026-08-07T15:07:43.542131-03:00] app.DEBUG: [SMTP] CLIENT -> SERVER: [] []
[2026-08-07T15:07:43.542520-03:00] app.DEBUG: [SMTP] CLIENT -> SERVER:         .account-link { [] []
[2026-08-07T15:07:43.543004-03:00] app.DEBUG: [SMTP] CLIENT -> SERVER:             color: #2196F3; [] []
[2026-08-07T15:07:43.543507-03:00] app.DEBUG: [SMTP] CLIENT -> SERVER:             text-decoration: none; [] []
[2026-08-07T15:07:43.543912-03:00] app.DEBUG: [SMTP] CLIENT -> SERVER:             font-size: 16px; [] []
[2026-08-07T15:07:43.544302-03:00] app.DEBUG: [SMTP] CLIENT -> SERVER:         } [] []
[2026-08-07T15:07:43.544666-03:00] app.DEBUG: [SMTP] CLIENT -> SERVER: [] []
[2026-08-07T15:07:43.545044-03:00] app.DEBUG: [SMTP] CLIENT -> SERVER:         .account-link:hover { [] []
[2026-08-07T15:07:43.545498-03:00] app.DEBUG: [SMTP] CLIENT -> SERVER:             text-decoration: underline; [] []
[2026-08-07T15:07:43.545906-03:00] app.DEBUG: [SMTP] CLIENT -> SERVER:         } [] []
[2026-08-07T15:07:43.546280-03:00] app.DEBUG: [SMTP] CLIENT -> SERVER: [] []
[2026-08-07T15:07:43.546665-03:00] app.DEBUG: [SMTP] CLIENT -> SERVER:         .eyes { [] []
[2026-08-07T15:07:43.547035-03:00] app.DEBUG: [SMTP] CLIENT -> SERVER:             text-align: center; [] []
[2026-08-07T15:07:43.547417-03:00] app.DEBUG: [SMTP] CLIENT -> SERVER:             font-size: 60px; [] []
[2026-08-07T15:07:43.547783-03:00] app.DEBUG: [SMTP] CLIENT -> SERVER:             margin-bottom: 20px; [] []
[2026-08-07T15:07:43.548155-03:00] app.DEBUG: [SMTP] CLIENT -> SERVER:         } [] []
[2026-08-07T15:07:43.548520-03:00] app.DEBUG: [SMTP] CLIENT -> SERVER: [] []
[2026-08-07T15:07:43.548890-03:00] app.DEBUG: [SMTP] CLIENT -> SERVER:         .title { [] []
[2026-08-07T15:07:43.549270-03:00] app.DEBUG: [SMTP] CLIENT -> SERVER:             text-align: center; [] []
[2026-08-07T15:07:43.549646-03:00] app.DEBUG: [SMTP] CLIENT -> SERVER:             font-size: 48px; [] []
[2026-08-07T15:07:43.550009-03:00] app.DEBUG: [SMTP] CLIENT -> SERVER:             font-weight: bold; [] []
[2026-08-07T15:07:43.550386-03:00] app.DEBUG: [SMTP] CLIENT -> SERVER:             color: #1a1a1a; [] []
[2026-08-07T15:07:43.550896-03:00] app.DEBUG: [SMTP] CLIENT -> SERVER:             margin-bottom: 40px; [] []
[2026-08-07T15:07:43.551897-03:00] app.DEBUG: [SMTP] CLIENT -> SERVER:         } [] []
[2026-08-07T15:07:43.552339-03:00] app.DEBUG: [SMTP] CLIENT -> SERVER: [] []
[2026-08-07T15:07:43.552769-03:00] app.DEBUG: [SMTP] CLIENT -> SERVER:         .content-box { [] []
[2026-08-07T15:07:43.553245-03:00] app.DEBUG: [SMTP] CLIENT -> SERVER:             background-color: white; [] []
[2026-08-07T15:07:43.553685-03:00] app.DEBUG: [SMTP] CLIENT -> SERVER:             border-radius: 8px; [] []
[2026-08-07T15:07:43.554112-03:00] app.DEBUG: [SMTP] CLIENT -> SERVER:             padding: 60px 40px; [] []
[2026-08-07T15:07:43.554513-03:00] app.DEBUG: [SMTP] CLIENT -> SERVER:             box-shadow: 0 2px 8px rgba(0, 0, 0, 0.05); [] []
[2026-08-07T15:07:43.554882-03:00] app.DEBUG: [SMTP] CLIENT -> SERVER:             text-align: center; [] []
[2026-08-07T15:07:43.555260-03:00] app.DEBUG: [SMTP] CLIENT -> SERVER:         } [] []
[2026-08-07T15:07:43.555666-03:00] app.DEBUG: [SMTP] CLIENT -> SERVER: [] []
[2026-08-07T15:07:43.556088-03:00] app.DEBUG: [SMTP] CLIENT -> SERVER:         .content-box h2 { [] []
[2026-08-07T15:07:43.556474-03:00] app.DEBUG: [SMTP] CLIENT -> SERVER:             font-size: 24px; [] []
[2026-08-07T15:07:43.556861-03:00] app.DEBUG: [SMTP] CLIENT -> SERVER:             font-weight: 600; [] []
[2026-08-07T15:07:43.557230-03:00] app.DEBUG: [SMTP] CLIENT -> SERVER:             color: #1a1a1a; [] []
[2026-08-07T15:07:43.557603-03:00] app.DEBUG: [SMTP] CLIENT -> SERVER:             margin-bottom: 30px; [] []
[2026-08-07T15:07:43.557954-03:00] app.DEBUG: [SMTP] CLIENT -> SERVER:             line-height: 1.4; [] []
[2026-08-07T15:07:43.558320-03:00] app.DEBUG: [SMTP] CLIENT -> SERVER:         } [] []
[2026-08-07T15:07:43.558658-03:00] app.DEBUG: [SMTP] CLIENT -> SERVER: [] []
[2026-08-07T15:07:43.559020-03:00] app.DEBUG: [SMTP] CLIENT -> SERVER:         .instruction { [] []
[2026-08-07T15:07:43.559402-03:00] app.DEBUG: [SMTP] CLIENT -> SERVER:             font-size: 16px; [] []
[2026-08-07T15:07:43.559769-03:00] app.DEBUG: [SMTP] CLIENT -> SERVER:             color: #333; [] []
[2026-08-07T15:07:43.560131-03:00] app.DEBUG: [SMTP] CLIENT -> SERVER:             margin-bottom: 30px; [] []
[2026-08-07T15:07:43.560507-03:00] app.DEBUG: [SMTP] CLIENT -> SERVER:         } [] []
[2026-08-07T15:07:43.560853-03:00] app.DEBUG: [SMTP] CLIENT -> SERVER: [] []
[2026-08-07T15:07:43.561229-03:00] app.DEBUG: [SMTP] CLIENT -> SERVER:         .reset-button { [] []
[2026-08-07T15:07:43.561583-03:00] app.DEBUG: [SMTP] CLIENT -> SERVER:             display: inline-block; [] []
[2026-08-07T15:07:43.561956-03:00] app.DEBUG: [SMTP] CLIENT -> SERVER:             background-color: #2196F3; [] []
[2026-08-07T15:07:43.562314-03:00] app.DEBUG: [SMTP] CLIENT -> SERVER:             color: #fff; [] []
[2026-08-07T15:07:43.562684-03:00] app.DEBUG: [SMTP] CLIENT -> SERVER:             text-decoration: none; [] []
[2026-08-07T15:07:43.563036-03:00] app.DEBUG: [SMTP] CLIENT -> SERVER:             padding: 18px 40px; [] []
[2026-08-07T15:07:43.563361-03:00] app.DEBUG: [SMTP] CLIENT -> SERVER:             border-radius: 6px; [] []
[2026-08-07T15:07:43.563566-03:00] app.DEBUG: [SMTP] CLIENT -> SERVER:             font-size: 18px; [] []
[2026-08-07T15:07:43.563783-03:00] app.DEBUG: [SMTP] CLIENT -> SERVER:             font-weight: 500; [] []
[2026-08-07T15:07:43.563987-03:00] app.DEBUG: [SMTP] CLIENT -> SERVER:             margin-bottom: 30px; [] []
[2026-08-07T15:07:43.564207-03:00] app.DEBUG: [SMTP] CLIENT -> SERVER:             transition: background-color 0.3s ease; [] []
[2026-08-07T15:07:43.564415-03:00] app.DEBUG: [SMTP] CLIENT -> SERVER:         } [] []
[2026-08-07T15:07:43.564612-03:00] app.DEBUG: [SMTP] CLIENT -> SERVER: [] []
[2026-08-07T15:07:43.564842-03:00] app.DEBUG: [SMTP] CLIENT -> SERVER:         .reset-button:hover { [] []
[2026-08-07T15:07:43.565047-03:00] app.DEBUG: [SMTP] CLIENT -> SERVER:             background-color: #1976D2; [] []
[2026-08-07T15:07:43.565277-03:00] app.DEBUG: [SMTP] CLIENT -> SERVER:         } [] []
[2026-08-07T15:07:43.565475-03:00] app.DEBUG: [SMTP] CLIENT -> SERVER: [] []
[2026-08-07T15:07:43.565703-03:00] app.DEBUG: [SMTP] CLIENT -> SERVER:         .email-info { [] []
[2026-08-07T15:07:43.565904-03:00] app.DEBUG: [SMTP] CLIENT -> SERVER:             font-size: 16px; [] []
[2026-08-07T15:07:43.566134-03:00] app.DEBUG: [SMTP] CLIENT -> SERVER:             color: #333; [] []
[2026-08-07T15:07:43.566338-03:00] app.DEBUG: [SMTP] CLIENT -> SERVER:             margin-bottom: 30px; [] []
[2026-08-07T15:07:43.566566-03:00] app.DEBUG: [SMTP] CLIENT -> SERVER:         } [] []
[2026-08-07T15:07:43.566763-03:00] app.DEBUG: [SMTP] CLIENT -> SERVER: [] []
[2026-08-07T15:07:43.566991-03:00] app.DEBUG: [SMTP] CLIENT -> SERVER:         .email-address { [] []
[2026-08-07T15:07:43.567191-03:00] app.DEBUG: [SMTP] CLIENT -> SERVER:             color: #2196F3; [] []
[2026-08-07T15:07:43.567552-03:00] app.DEBUG: [SMTP] CLIENT -> SERVER:             text-decoration: none; [] []
[2026-08-07T15:07:43.567804-03:00] app.DEBUG: [SMTP] CLIENT -> SERVER:         } [] []
[2026-08-07T15:07:43.568054-03:00] app.DEBUG: [SMTP] CLIENT -> SERVER: [] []
[2026-08-07T15:07:43.568680-03:00] app.DEBUG: [SMTP] CLIENT -> SERVER:         .disclaimer { [] []
[2026-08-07T15:07:43.569343-03:00] app.DEBUG: [SMTP] CLIENT -> SERVER:             font-size: 16px; [] []
[2026-08-07T15:07:43.569676-03:00] app.DEBUG: [SMTP] CLIENT -> SERVER:             color: #333; [] []
[2026-08-07T15:07:43.569922-03:00] app.DEBUG: [SMTP] CLIENT -> SERVER:             line-height: 1.5; [] []
[2026-08-07T15:07:43.570140-03:00] app.DEBUG: [SMTP] CLIENT -> SERVER:         } [] []
[2026-08-07T15:07:43.570358-03:00] app.DEBUG: [SMTP] CLIENT -> SERVER: [] []
[2026-08-07T15:07:43.570590-03:00] app.DEBUG: [SMTP] CLIENT -> SERVER:         .footer { [] []
[2026-08-07T15:07:43.570809-03:00] app.DEBUG: [SMTP] CLIENT -> SERVER:             text-align: center; [] []
[2026-08-07T15:07:43.571015-03:00] app.DEBUG: [SMTP] CLIENT -> SERVER:             margin-top: 60px; [] []
[2026-08-07T15:07:43.571235-03:00] app.DEBUG: [SMTP] CLIENT -> SERVER:             font-size: 14px; [] []
[2026-08-07T15:07:43.571514-03:00] app.DEBUG: [SMTP] CLIENT -> SERVER:             color: #666; [] []
[2026-08-07T15:07:43.571733-03:00] app.DEBUG: [SMTP] CLIENT -> SERVER:         } [] []
[2026-08-07T15:07:43.571933-03:00] app.DEBUG: [SMTP] CLIENT -> SERVER: [] []
[2026-08-07T15:07:43.572169-03:00] app.DEBUG: [SMTP] CLIENT -> SERVER:         .footer strong { [] []
[2026-08-07T15:07:43.572385-03:00] app.DEBUG: [SMTP] CLIENT -> SERVER:             color: #1a1a1a; [] []
[2026-08-07T15:07:43.572634-03:00] app.DEBUG: [SMTP] CLIENT -> SERVER:         } [] []
[2026-08-07T15:07:43.572851-03:00] app.DEBUG: [SMTP] CLIENT -> SERVER: [] []
[2026-08-07T15:07:43.573065-03:00] app.DEBUG: [SMTP] CLIENT -> SERVER:         @media (max-width: 600px) { [] []
[2026-08-07T15:07:43.573267-03:00] app.DEBUG: [SMTP] CLIENT -> SERVER:             body { [] []
[2026-08-07T15:07:43.573482-03:00] app.DEBUG: [SMTP] CLIENT -> SERVER:                 padding: 20px 10px; [] []
[2026-08-07T15:07:43.573680-03:00] app.DEBUG: [SMTP] CLIENT -> SERVER:             } [] []
[2026-08-07T15:07:43.573888-03:00] app.DEBUG: [SMTP] CLIENT -> SERVER: [] []
[2026-08-07T15:07:43.574086-03:00] app.DEBUG: [SMTP] CLIENT -> SERVER:             .title { [] []
[2026-08-07T15:07:43.574297-03:00] app.DEBUG: [SMTP] CLIENT -> SERVER:                 font-size: 36px; [] []
[2026-08-07T15:07:43.574496-03:00] app.DEBUG: [SMTP] CLIENT -> SERVER:             } [] []
[2026-08-07T15:07:43.574701-03:00] app.DEBUG: [SMTP] CLIENT -> SERVER: [] []
[2026-08-07T15:07:43.574899-03:00] app.DEBUG: [SMTP] CLIENT -> SERVER:             .content-box { [] []
[2026-08-07T15:07:43.575112-03:00] app.DEBUG: [SMTP] CLIENT -> SERVER:                 padding: 40px 20px; [] []
[2026-08-07T15:07:43.575338-03:00] app.DEBUG: [SMTP] CLIENT -> SERVER:             } [] []
[2026-08-07T15:07:43.575544-03:00] app.DEBUG: [SMTP] CLIENT -> SERVER: [] []
[2026-08-07T15:07:43.575742-03:00] app.DEBUG: [SMTP] CLIENT -> SERVER:             .content-box h2 { [] []
[2026-08-07T15:07:43.575952-03:00] app.DEBUG: [SMTP] CLIENT -> SERVER:                 font-size: 20px; [] []
[2026-08-07T15:07:43.576149-03:00] app.DEBUG: [SMTP] CLIENT -> SERVER:             } [] []
[2026-08-07T15:07:43.576355-03:00] app.DEBUG: [SMTP] CLIENT -> SERVER: [] []
[2026-08-07T15:07:43.576557-03:00] app.DEBUG: [SMTP] CLIENT -> SERVER:             .reset-button { [] []
[2026-08-07T15:07:43.576769-03:00] app.DEBUG: [SMTP] CLIENT -> SERVER:                 padding: 15px 30px; [] []
[2026-08-07T15:07:43.576969-03:00] app.DEBUG: [SMTP] CLIENT -> SERVER:                 font-size: 16px; [] []
[2026-08-07T15:07:43.577176-03:00] app.DEBUG: [SMTP] CLIENT -> SERVER:             } [] []
[2026-08-07T15:07:43.577373-03:00] app.DEBUG: [SMTP] CLIENT -> SERVER:         } [] []
[2026-08-07T15:07:43.577583-03:00] app.DEBUG: [SMTP] CLIENT -> SERVER:             .ii a[href] { [] []
[2026-08-07T15:07:43.577783-03:00] app.DEBUG: [SMTP] CLIENT -> SERVER:                 color: #c8d7f1; [] []
[2026-08-07T15:07:43.577989-03:00] app.DEBUG: [SMTP] CLIENT -> SERVER:         } [] []
[2026-08-07T15:07:43.578185-03:00] app.DEBUG: [SMTP] CLIENT -> SERVER: [] []
[2026-08-07T15:07:43.578391-03:00] app.DEBUG: [SMTP] CLIENT -> SERVER: [] []
[2026-08-07T15:07:43.578583-03:00] app.DEBUG: [SMTP] CLIENT -> SERVER: [] []
[2026-08-07T15:07:43.578786-03:00] app.DEBUG: [SMTP] CLIENT -> SERVER: [] []
[2026-08-07T15:07:43.578980-03:00] app.DEBUG: [SMTP] CLIENT -> SERVER: [] []
[2026-08-07T15:07:43.579187-03:00] app.DEBUG: [SMTP] CLIENT -> SERVER:             DASHBOARD [] []
[2026-08-07T15:07:43.579390-03:00] app.DEBUG: [SMTP] CLIENT -> SERVER:             ← Acessar página de login [] []
[2026-08-07T15:07:43.579595-03:00] app.DEBUG: [SMTP] CLIENT -> SERVER: [] []
[2026-08-07T15:07:43.579787-03:00] app.DEBUG: [SMTP] CLIENT -> SERVER: [] []
[2026-08-07T15:07:43.579993-03:00] app.DEBUG: [SMTP] CLIENT -> SERVER:         👀 [] []
[2026-08-07T15:07:43.580186-03:00] app.DEBUG: [SMTP] CLIENT -> SERVER: [] []
[2026-08-07T15:07:43.580395-03:00] app.DEBUG: [SMTP] CLIENT -> SERVER:         Redefinição de senha [] []
[2026-08-07T15:07:43.580594-03:00] app.DEBUG: [SMTP] CLIENT -> SERVER: [] []
[2026-08-07T15:07:43.580802-03:00] app.DEBUG: [SMTP] CLIENT -> SERVER: [] []
[2026-08-07T15:07:43.581009-03:00] app.DEBUG: [SMTP] CLIENT -> SERVER:             Someone requested that the password bereset for the following account: [] []
[2026-08-07T15:07:43.581217-03:00] app.DEBUG: [SMTP] CLIENT -> SERVER: [] []
[2026-08-07T15:07:43.581421-03:00] app.DEBUG: [SMTP] CLIENT -> SERVER:             To reset your password, visit the following address: [] []
[2026-08-07T15:07:43.581625-03:00] app.DEBUG: [SMTP] CLIENT -> SERVER: [] []
[2026-08-07T15:07:43.581826-03:00] app.DEBUG: [SMTP] CLIENT -> SERVER:             Clique aqui para redefinir sua senha [] []
[2026-08-07T15:07:43.582032-03:00] app.DEBUG: [SMTP] CLIENT -> SERVER: [] []
[2026-08-07T15:07:43.582234-03:00] app.DEBUG: [SMTP] CLIENT -> SERVER:             Your email: imthebest@example.com [] []
[2026-08-07T15:07:43.582438-03:00] app.DEBUG: [SMTP] CLIENT -> SERVER: [] []
[2026-08-07T15:07:43.582645-03:00] app.DEBUG: [SMTP] CLIENT -> SERVER:             If this was a mistake, just ignore this email and nothing will happen. [] []
[2026-08-07T15:07:43.582851-03:00] app.DEBUG: [SMTP] CLIENT -> SERVER: [] []
[2026-08-07T15:07:43.583048-03:00] app.DEBUG: [SMTP] CLIENT -> SERVER: [] []
[2026-08-07T15:07:43.583254-03:00] app.DEBUG: [SMTP] CLIENT -> SERVER: [] []
[2026-08-07T15:07:43.583457-03:00] app.DEBUG: [SMTP] CLIENT -> SERVER:             Copyright © 2021 Designmodo. All Rights Reserved. [] []
[2026-08-07T15:07:43.583663-03:00] app.DEBUG: [SMTP] CLIENT -> SERVER: [] []
[2026-08-07T15:07:43.583857-03:00] app.DEBUG: [SMTP] CLIENT -> SERVER: [] []
[2026-08-07T15:07:43.585017-03:00] app.DEBUG: [SMTP] CLIENT -> SERVER: [] []
[2026-08-07T15:07:43.585768-03:00] app.DEBUG: [SMTP] CLIENT -> SERVER: [] []
[2026-08-07T15:07:43.586111-03:00] app.DEBUG: [SMTP] CLIENT -> SERVER: --b1=_4clt61yPoUGYTNq3R2C99V0eovxQNSZgsEL8ryzteSc [] []
[2026-08-07T15:07:43.586468-03:00] app.DEBUG: [SMTP] CLIENT -> SERVER: Content-Type: text/html; charset=UTF-8 [] []
[2026-08-07T15:07:43.586803-03:00] app.DEBUG: [SMTP] CLIENT -> SERVER: Content-Transfer-Encoding: 8bit [] []
[2026-08-07T15:07:43.587037-03:00] app.DEBUG: [SMTP] CLIENT -> SERVER: [] []
[2026-08-07T15:07:43.587279-03:00] app.DEBUG: [SMTP] CLIENT -> SERVER: <!DOCTYPE html> [] []
[2026-08-07T15:07:43.587499-03:00] app.DEBUG: [SMTP] CLIENT -> SERVER: <html lang="pt-BR"> [] []
[2026-08-07T15:07:43.587730-03:00] app.DEBUG: [SMTP] CLIENT -> SERVER: <head> [] []
[2026-08-07T15:07:43.587973-03:00] app.DEBUG: [SMTP] CLIENT -> SERVER:     <meta charset="UTF-8"> [] []
[2026-08-07T15:07:43.588188-03:00] app.DEBUG: [SMTP] CLIENT -> SERVER:     <meta name="viewport" content="width=device-width, initial-scale=1.0"> [] []
[2026-08-07T15:07:43.588452-03:00] app.DEBUG: [SMTP] CLIENT -> SERVER:     <title>Redefinição de senha</title> [] []
[2026-08-07T15:07:43.588692-03:00] app.DEBUG: [SMTP] CLIENT -> SERVER:     <style> [] []
[2026-08-07T15:07:43.588929-03:00] app.DEBUG: [SMTP] CLIENT -> SERVER:         * { [] []
[2026-08-07T15:07:43.589174-03:00] app.DEBUG: [SMTP] CLIENT -> SERVER:             margin: 0; [] []
[2026-08-07T15:07:43.589448-03:00] app.DEBUG: [SMTP] CLIENT -> SERVER:             padding: 0; [] []
[2026-08-07T15:07:43.589657-03:00] app.DEBUG: [SMTP] CLIENT -> SERVER:             box-sizing: border-box; [] []
[2026-08-07T15:07:43.589905-03:00] app.DEBUG: [SMTP] CLIENT -> SERVER:         } [] []
[2026-08-07T15:07:43.590139-03:00] app.DEBUG: [SMTP] CLIENT -> SERVER: [] []
[2026-08-07T15:07:43.590486-03:00] app.DEBUG: [SMTP] CLIENT -> SERVER:         body { [] []
[2026-08-07T15:07:43.590778-03:00] app.DEBUG: [SMTP] CLIENT -> SERVER:             font-family: -apple-system, BlinkMacSystemFont, 'Segoe UI', Roboto, Oxygen, Ubuntu, Cantarell, sans-serif; [] []
[2026-08-07T15:07:43.590998-03:00] app.DEBUG: [SMTP] CLIENT -> SERVER:             background-color: #e8e8e8; [] []
[2026-08-07T15:07:43.591226-03:00] app.DEBUG: [SMTP] CLIENT -> SERVER:             padding: 40px 20px; [] []
[2026-08-07T15:07:43.591450-03:00] app.DEBUG: [SMTP] CLIENT -> SERVER:             line-height: 1.6; [] []
[2026-08-07T15:07:43.591678-03:00] app.DEBUG: [SMTP] CLIENT -> SERVER:         } [] []
[2026-08-07T15:07:43.591886-03:00] app.DEBUG: [SMTP] CLIENT -> SERVER: [] []
[2026-08-07T15:07:43.592095-03:00] app.DEBUG: [SMTP] CLIENT -> SERVER:         .container { [] []
[2026-08-07T15:07:43.592300-03:00] app.DEBUG: [SMTP] CLIENT -> SERVER:             max-width: 600px; [] []
[2026-08-07T15:07:43.592510-03:00] app.DEBUG: [SMTP] CLIENT -> SERVER:             margin: 0 auto; [] []
[2026-08-07T15:07:43.592706-03:00] app.DEBUG: [SMTP] CLIENT -> SERVER:         } [] []
[2026-08-07T15:07:43.592911-03:00] app.DEBUG: [SMTP] CLIENT -> SERVER: [] []
[2026-08-07T15:07:43.593108-03:00] app.DEBUG: [SMTP] CLIENT -> SERVER:         .header { [] []
[2026-08-07T15:07:43.593331-03:00] app.DEBUG: [SMTP] CLIENT -> SERVER:             display: flex; [] []
[2026-08-07T15:07:43.593535-03:00] app.DEBUG: [SMTP] CLIENT -> SERVER:             justify-content: space-between; [] []
[2026-08-07T15:07:43.593745-03:00] app.DEBUG: [SMTP] CLIENT -> SERVER:             width: 100%; [] []
[2026-08-07T15:07:43.593953-03:00] app.DEBUG: [SMTP] CLIENT -> SERVER:             border: 1px solid black; [] []
[2026-08-07T15:07:43.594161-03:00] app.DEBUG: [SMTP] CLIENT -> SERVER:         } [] []
[2026-08-07T15:07:43.594357-03:00] app.DEBUG: [SMTP] CLIENT -> SERVER: [] []
[2026-08-07T15:07:43.594565-03:00] app.DEBUG: [SMTP] CLIENT -> SERVER:         .logo { [] []
[2026-08-07T15:07:43.594763-03:00] app.DEBUG: [SMTP] CLIENT -> SERVER:             font-size: 32px; [] []
[2026-08-07T15:07:43.594971-03:00] app.DEBUG: [SMTP] CLIENT -> SERVER:             font-weight: bold; [] []
[2026-08-07T15:07:43.595169-03:00] app.DEBUG: [SMTP] CLIENT -> SERVER:             color: #b8b8b8; [] []
[2026-08-07T15:07:43.595380-03:00] app.DEBUG: [SMTP] CLIENT -> SERVER:             letter-spacing: -1px; [] []
[2026-08-07T15:07:43.595577-03:00] app.DEBUG: [SMTP] CLIENT -> SERVER:         } [] []
[2026-08-07T15:07:43.595781-03:00] app.DEBUG: [SMTP] CLIENT -> SERVER: [] []
[2026-08-07T15:07:43.595977-03:00] app.DEBUG: [SMTP] CLIENT -> SERVER:         .account-link { [] []
[2026-08-07T15:07:43.596185-03:00] app.DEBUG: [SMTP] CLIENT -> SERVER:             color: #2196F3; [] []
[2026-08-07T15:07:43.596386-03:00] app.DEBUG: [SMTP] CLIENT -> SERVER:             text-decoration: none; [] []
[2026-08-07T15:07:43.596593-03:00] app.DEBUG: [SMTP] CLIENT -> SERVER:             font-size: 16px; [] []
[2026-08-07T15:07:43.596789-03:00] app.DEBUG: [SMTP] CLIENT -> SERVER:         } [] []
[2026-08-07T15:07:43.596993-03:00] app.DEBUG: [SMTP] CLIENT -> SERVER: [] []
[2026-08-07T15:07:43.597193-03:00] app.DEBUG: [SMTP] CLIENT -> SERVER:         .account-link:hover { [] []
[2026-08-07T15:07:43.597405-03:00] app.DEBUG: [SMTP] CLIENT -> SERVER:             text-decoration: underline; [] []
[2026-08-07T15:07:43.597601-03:00] app.DEBUG: [SMTP] CLIENT -> SERVER:         } [] []
[2026-08-07T15:07:43.597804-03:00] app.DEBUG: [SMTP] CLIENT -> SERVER: [] []
[2026-08-07T15:07:43.598001-03:00] app.DEBUG: [SMTP] CLIENT -> SERVER:         .eyes { [] []
[2026-08-07T15:07:43.598209-03:00] app.DEBUG: [SMTP] CLIENT -> SERVER:             text-align: center; [] []
[2026-08-07T15:07:43.598408-03:00] app.DEBUG: [SMTP] CLIENT -> SERVER:             font-size: 60px; [] []
[2026-08-07T15:07:43.598618-03:00] app.DEBUG: [SMTP] CLIENT -> SERVER:             margin-bottom: 20px; [] []
[2026-08-07T15:07:43.598812-03:00] app.DEBUG: [SMTP] CLIENT -> SERVER:         } [] []
[2026-08-07T15:07:43.599016-03:00] app.DEBUG: [SMTP] CLIENT -> SERVER: [] []
[2026-08-07T15:07:43.599212-03:00] app.DEBUG: [SMTP] CLIENT -> SERVER:         .title { [] []
[2026-08-07T15:07:43.599419-03:00] app.DEBUG: [SMTP] CLIENT -> SERVER:             text-align: center; [] []
[2026-08-07T15:07:43.599617-03:00] app.DEBUG: [SMTP] CLIENT -> SERVER:             font-size: 48px; [] []
[2026-08-07T15:07:43.599825-03:00] app.DEBUG: [SMTP] CLIENT -> SERVER:             font-weight: bold; [] []
[2026-08-07T15:07:43.600026-03:00] app.DEBUG: [SMTP] CLIENT -> SERVER:             color: #1a1a1a; [] []
[2026-08-07T15:07:43.600239-03:00] app.DEBUG: [SMTP] CLIENT -> SERVER:             margin-bottom: 40px; [] []
[2026-08-07T15:07:43.600435-03:00] app.DEBUG: [SMTP] CLIENT -> SERVER:         } [] []
[2026-08-07T15:07:43.600639-03:00] app.DEBUG: [SMTP] CLIENT -> SERVER: [] []
[2026-08-07T15:07:43.601473-03:00] app.DEBUG: [SMTP] CLIENT -> SERVER:         .content-box { [] []
[2026-08-07T15:07:43.601883-03:00] app.DEBUG: [SMTP] CLIENT -> SERVER:             background-color: white; [] []
[2026-08-07T15:07:43.602224-03:00] app.DEBUG: [SMTP] CLIENT -> SERVER:             border-radius: 8px; [] []
[2026-08-07T15:07:43.602474-03:00] app.DEBUG: [SMTP] CLIENT -> SERVER:             padding: 60px 40px; [] []
[2026-08-07T15:07:43.602702-03:00] app.DEBUG: [SMTP] CLIENT -> SERVER:             box-shadow: 0 2px 8px rgba(0, 0, 0, 0.05); [] []
[2026-08-07T15:07:43.602931-03:00] app.DEBUG: [SMTP] CLIENT -> SERVER:             text-align: center; [] []
[2026-08-07T15:07:43.603137-03:00] app.DEBUG: [SMTP] CLIENT -> SERVER:         } [] []
[2026-08-07T15:07:43.603348-03:00] app.DEBUG: [SMTP] CLIENT -> SERVER: [] []
[2026-08-07T15:07:43.603551-03:00] app.DEBUG: [SMTP] CLIENT -> SERVER:         .content-box h2 { [] []
[2026-08-07T15:07:43.603765-03:00] app.DEBUG: [SMTP] CLIENT -> SERVER:             font-size: 24px; [] []
[2026-08-07T15:07:43.603967-03:00] app.DEBUG: [SMTP] CLIENT -> SERVER:             font-weight: 600; [] []
[2026-08-07T15:07:43.604179-03:00] app.DEBUG: [SMTP] CLIENT -> SERVER:             color: #1a1a1a; [] []
[2026-08-07T15:07:43.604383-03:00] app.DEBUG: [SMTP] CLIENT -> SERVER:             margin-bottom: 30px; [] []
[2026-08-07T15:07:43.604596-03:00] app.DEBUG: [SMTP] CLIENT -> SERVER:             line-height: 1.4; [] []
[2026-08-07T15:07:43.604794-03:00] app.DEBUG: [SMTP] CLIENT -> SERVER:         } [] []
[2026-08-07T15:07:43.605022-03:00] app.DEBUG: [SMTP] CLIENT -> SERVER: [] []
[2026-08-07T15:07:43.605222-03:00] app.DEBUG: [SMTP] CLIENT -> SERVER:         .instruction { [] []
[2026-08-07T15:07:43.605433-03:00] app.DEBUG: [SMTP] CLIENT -> SERVER:             font-size: 16px; [] []
[2026-08-07T15:07:43.605649-03:00] app.DEBUG: [SMTP] CLIENT -> SERVER:             color: #333; [] []
[2026-08-07T15:07:43.605870-03:00] app.DEBUG: [SMTP] CLIENT -> SERVER:             margin-bottom: 30px; [] []
[2026-08-07T15:07:43.606068-03:00] app.DEBUG: [SMTP] CLIENT -> SERVER:         } [] []
[2026-08-07T15:07:43.606309-03:00] app.DEBUG: [SMTP] CLIENT -> SERVER: [] []
[2026-08-07T15:07:43.606542-03:00] app.DEBUG: [SMTP] CLIENT -> SERVER:         .reset-button { [] []
[2026-08-07T15:07:43.606786-03:00] app.DEBUG: [SMTP] CLIENT -> SERVER:             display: inline-block; [] []
[2026-08-07T15:07:43.607054-03:00] app.DEBUG: [SMTP] CLIENT -> SERVER:             background-color: #2196F3; [] []
[2026-08-07T15:07:43.607292-03:00] app.DEBUG: [SMTP] CLIENT -> SERVER:             color: #fff; [] []
[2026-08-07T15:07:43.607552-03:00] app.DEBUG: [SMTP] CLIENT -> SERVER:             text-decoration: none; [] []
[2026-08-07T15:07:43.607775-03:00] app.DEBUG: [SMTP] CLIENT -> SERVER:             padding: 18px 40px; [] []
[2026-08-07T15:07:43.607987-03:00] app.DEBUG: [SMTP] CLIENT -> SERVER:             border-radius: 6px; [] []
[2026-08-07T15:07:43.608206-03:00] app.DEBUG: [SMTP] CLIENT -> SERVER:             font-size: 18px; [] []
[2026-08-07T15:07:43.608418-03:00] app.DEBUG: [SMTP] CLIENT -> SERVER:             font-weight: 500; [] []
[2026-08-07T15:07:43.608636-03:00] app.DEBUG: [SMTP] CLIENT -> SERVER:             margin-bottom: 30px; [] []
[2026-08-07T15:07:43.608850-03:00] app.DEBUG: [SMTP] CLIENT -> SERVER:             transition: background-color 0.3s ease; [] []
[2026-08-07T15:07:43.609064-03:00] app.DEBUG: [SMTP] CLIENT -> SERVER:         } [] []
[2026-08-07T15:07:43.609276-03:00] app.DEBUG: [SMTP] CLIENT -> SERVER: [] []
[2026-08-07T15:07:43.609494-03:00] app.DEBUG: [SMTP] CLIENT -> SERVER:         .reset-button:hover { [] []
[2026-08-07T15:07:43.609761-03:00] app.DEBUG: [SMTP] CLIENT -> SERVER:             background-color: #1976D2; [] []
[2026-08-07T15:07:43.609984-03:00] app.DEBUG: [SMTP] CLIENT -> SERVER:         } [] []
[2026-08-07T15:07:43.610192-03:00] app.DEBUG: [SMTP] CLIENT -> SERVER: [] []
[2026-08-07T15:07:43.610407-03:00] app.DEBUG: [SMTP] CLIENT -> SERVER:         .email-info { [] []
[2026-08-07T15:07:43.610617-03:00] app.DEBUG: [SMTP] CLIENT -> SERVER:             font-size: 16px; [] []
[2026-08-07T15:07:43.610833-03:00] app.DEBUG: [SMTP] CLIENT -> SERVER:             color: #333; [] []
[2026-08-07T15:07:43.611044-03:00] app.DEBUG: [SMTP] CLIENT -> SERVER:             margin-bottom: 30px; [] []
[2026-08-07T15:07:43.611257-03:00] app.DEBUG: [SMTP] CLIENT -> SERVER:         } [] []
[2026-08-07T15:07:43.611463-03:00] app.DEBUG: [SMTP] CLIENT -> SERVER: [] []
[2026-08-07T15:07:43.611677-03:00] app.DEBUG: [SMTP] CLIENT -> SERVER:         .email-address { [] []
[2026-08-07T15:07:43.611885-03:00] app.DEBUG: [SMTP] CLIENT -> SERVER:             color: #2196F3; [] []
[2026-08-07T15:07:43.612100-03:00] app.DEBUG: [SMTP] CLIENT -> SERVER:             text-decoration: none; [] []
[2026-08-07T15:07:43.612354-03:00] app.DEBUG: [SMTP] CLIENT -> SERVER:         } [] []
[2026-08-07T15:07:43.612581-03:00] app.DEBUG: [SMTP] CLIENT -> SERVER: [] []
[2026-08-07T15:07:43.612826-03:00] app.DEBUG: [SMTP] CLIENT -> SERVER:         .disclaimer { [] []
[2026-08-07T15:07:43.613047-03:00] app.DEBUG: [SMTP] CLIENT -> SERVER:             font-size: 16px; [] []
[2026-08-07T15:07:43.613368-03:00] app.DEBUG: [SMTP] CLIENT -> SERVER:             color: #333; [] []
[2026-08-07T15:07:43.613608-03:00] app.DEBUG: [SMTP] CLIENT -> SERVER:             line-height: 1.5; [] []
[2026-08-07T15:07:43.613851-03:00] app.DEBUG: [SMTP] CLIENT -> SERVER:         } [] []
[2026-08-07T15:07:43.614069-03:00] app.DEBUG: [SMTP] CLIENT -> SERVER: [] []
[2026-08-07T15:07:43.614273-03:00] app.DEBUG: [SMTP] CLIENT -> SERVER:         .footer { [] []
[2026-08-07T15:07:43.614487-03:00] app.DEBUG: [SMTP] CLIENT -> SERVER:             text-align: center; [] []
[2026-08-07T15:07:43.614699-03:00] app.DEBUG: [SMTP] CLIENT -> SERVER:             margin-top: 60px; [] []
[2026-08-07T15:07:43.614922-03:00] app.DEBUG: [SMTP] CLIENT -> SERVER:             font-size: 14px; [] []
[2026-08-07T15:07:43.615126-03:00] app.DEBUG: [SMTP] CLIENT -> SERVER:             color: #666; [] []
[2026-08-07T15:07:43.615429-03:00] app.DEBUG: [SMTP] CLIENT -> SERVER:         } [] []
[2026-08-07T15:07:43.615662-03:00] app.DEBUG: [SMTP] CLIENT -> SERVER: [] []
[2026-08-07T15:07:43.615912-03:00] app.DEBUG: [SMTP] CLIENT -> SERVER:         .footer strong { [] []
[2026-08-07T15:07:43.616124-03:00] app.DEBUG: [SMTP] CLIENT -> SERVER:             color: #1a1a1a; [] []
[2026-08-07T15:07:43.616344-03:00] app.DEBUG: [SMTP] CLIENT -> SERVER:         } [] []
[2026-08-07T15:07:43.616547-03:00] app.DEBUG: [SMTP] CLIENT -> SERVER: [] []
[2026-08-07T15:07:43.616767-03:00] app.DEBUG: [SMTP] CLIENT -> SERVER:         @media (max-width: 600px) { [] []
[2026-08-07T15:07:43.616973-03:00] app.DEBUG: [SMTP] CLIENT -> SERVER:             body { [] []
[2026-08-07T15:07:43.617193-03:00] app.DEBUG: [SMTP] CLIENT -> SERVER:                 padding: 20px 10px; [] []
[2026-08-07T15:07:43.617534-03:00] app.DEBUG: [SMTP] CLIENT -> SERVER:             } [] []
[2026-08-07T15:07:43.618212-03:00] app.DEBUG: [SMTP] CLIENT -> SERVER: [] []
[2026-08-07T15:07:43.618522-03:00] app.DEBUG: [SMTP] CLIENT -> SERVER:             .title { [] []
[2026-08-07T15:07:43.618801-03:00] app.DEBUG: [SMTP] CLIENT -> SERVER:                 font-size: 36px; [] []
[2026-08-07T15:07:43.619065-03:00] app.DEBUG: [SMTP] CLIENT -> SERVER:             } [] []
[2026-08-07T15:07:43.619291-03:00] app.DEBUG: [SMTP] CLIENT -> SERVER: [] []
[2026-08-07T15:07:43.619533-03:00] app.DEBUG: [SMTP] CLIENT -> SERVER:             .content-box { [] []
[2026-08-07T15:07:43.619779-03:00] app.DEBUG: [SMTP] CLIENT -> SERVER:                 padding: 40px 20px; [] []
[2026-08-07T15:07:43.620056-03:00] app.DEBUG: [SMTP] CLIENT -> SERVER:             } [] []
[2026-08-07T15:07:43.620297-03:00] app.DEBUG: [SMTP] CLIENT -> SERVER: [] []
[2026-08-07T15:07:43.620512-03:00] app.DEBUG: [SMTP] CLIENT -> SERVER:             .content-box h2 { [] []
[2026-08-07T15:07:43.620734-03:00] app.DEBUG: [SMTP] CLIENT -> SERVER:                 font-size: 20px; [] []
[2026-08-07T15:07:43.620942-03:00] app.DEBUG: [SMTP] CLIENT -> SERVER:             } [] []
[2026-08-07T15:07:43.621137-03:00] app.DEBUG: [SMTP] CLIENT -> SERVER: [] []
[2026-08-07T15:07:43.621422-03:00] app.DEBUG: [SMTP] CLIENT -> SERVER:             .reset-button { [] []
[2026-08-07T15:07:43.621653-03:00] app.DEBUG: [SMTP] CLIENT -> SERVER:                 padding: 15px 30px; [] []
[2026-08-07T15:07:43.621883-03:00] app.DEBUG: [SMTP] CLIENT -> SERVER:                 font-size: 16px; [] []
[2026-08-07T15:07:43.622093-03:00] app.DEBUG: [SMTP] CLIENT -> SERVER:             } [] []
[2026-08-07T15:07:43.622318-03:00] app.DEBUG: [SMTP] CLIENT -> SERVER:         } [] []
[2026-08-07T15:07:43.622535-03:00] app.DEBUG: [SMTP] CLIENT -> SERVER:             .ii a[href] { [] []
[2026-08-07T15:07:43.622749-03:00] app.DEBUG: [SMTP] CLIENT -> SERVER:                 color: #c8d7f1; [] []
[2026-08-07T15:07:43.622951-03:00] app.DEBUG: [SMTP] CLIENT -> SERVER:         } [] []
[2026-08-07T15:07:43.623157-03:00] app.DEBUG: [SMTP] CLIENT -> SERVER:     </style> [] []
[2026-08-07T15:07:43.623361-03:00] app.DEBUG: [SMTP] CLIENT -> SERVER: </head> [] []
[2026-08-07T15:07:43.623568-03:00] app.DEBUG: [SMTP] CLIENT -> SERVER: <body> [] []
[2026-08-07T15:07:43.623770-03:00] app.DEBUG: [SMTP] CLIENT -> SERVER:     <div class="container"> [] []
[2026-08-07T15:07:43.623981-03:00] app.DEBUG: [SMTP] CLIENT -> SERVER:         <div class="header"> [] []
[2026-08-07T15:07:43.624188-03:00] app.DEBUG: [SMTP] CLIENT -> SERVER:             <div class="logo">DASHBOARD</div> [] []
[2026-08-07T15:07:43.624408-03:00] app.DEBUG: [SMTP] CLIENT -> SERVER:             <a href="#" class="account-link">← Acessar página de login</a> [] []
[2026-08-07T15:07:43.624607-03:00] app.DEBUG: [SMTP] CLIENT -> SERVER:         </div> [] []
[2026-08-07T15:07:43.624814-03:00] app.DEBUG: [SMTP] CLIENT -> SERVER: [] []
[2026-08-07T15:07:43.625016-03:00] app.DEBUG: [SMTP] CLIENT -> SERVER:         <div class="eyes">👀</div> [] []
[2026-08-07T15:07:43.625222-03:00] app.DEBUG: [SMTP] CLIENT -> SERVER: [] []
[2026-08-07T15:07:43.625426-03:00] app.DEBUG: [SMTP] CLIENT -> SERVER:         <h1 class="title">Redefinição de senha</h1> [] []
[2026-08-07T15:07:43.625630-03:00] app.DEBUG: [SMTP] CLIENT -> SERVER: [] []
[2026-08-07T15:07:43.625829-03:00] app.DEBUG: [SMTP] CLIENT -> SERVER:         <div class="content-box"> [] []
[2026-08-07T15:07:43.626047-03:00] app.DEBUG: [SMTP] CLIENT -> SERVER:             <h2>Someone requested that the password be<br>reset for the following account:</h2> [] []
[2026-08-07T15:07:43.626245-03:00] app.DEBUG: [SMTP] CLIENT -> SERVER: [] []
[2026-08-07T15:07:43.626462-03:00] app.DEBUG: [SMTP] CLIENT -> SERVER:             <p class="instruction">To reset your password, visit the following address:</p> [] []
[2026-08-07T15:07:43.626659-03:00] app.DEBUG: [SMTP] CLIENT -> SERVER: [] []
[2026-08-07T15:07:43.626895-03:00] app.DEBUG: [SMTP] CLIENT -> SERVER:             <a href="http://localhost/dashboard/forgot/reset-password?id=24&amp;token=411c93dc12367463c4cdd9d1928bb52b8bb4a6a2fc4b7de04fda7538cc452b44" class="reset-button">Clique aqui para redefinir sua senha</a> [] []
[2026-08-07T15:07:43.627089-03:00] app.DEBUG: [SMTP] CLIENT -> SERVER: [] []
[2026-08-07T15:07:43.627316-03:00] app.DEBUG: [SMTP] CLIENT -> SERVER:             <p class="email-info">Your email: <a href="mailto:imthebest@example.com" class="email-address">imthebest@example.com</a></p> [] []
[2026-08-07T15:07:43.627510-03:00] app.DEBUG: [SMTP] CLIENT -> SERVER: [] []
[2026-08-07T15:07:43.627731-03:00] app.DEBUG: [SMTP] CLIENT -> SERVER:             <p class="disclaimer">If this was a mistake, just ignore this email and nothing will happen.</p> [] []
[2026-08-07T15:07:43.627976-03:00] app.DEBUG: [SMTP] CLIENT -> SERVER:         </div> [] []
[2026-08-07T15:07:43.628190-03:00] app.DEBUG: [SMTP] CLIENT -> SERVER: [] []
[2026-08-07T15:07:43.628393-03:00] app.DEBUG: [SMTP] CLIENT -> SERVER:         <div class="footer"> [] []
[2026-08-07T15:07:43.628612-03:00] app.DEBUG: [SMTP] CLIENT -> SERVER:             Copyright © 2021 <strong>Designmodo</strong>. All Rights Reserved. [] []
[2026-08-07T15:07:43.628809-03:00] app.DEBUG: [SMTP] CLIENT -> SERVER:         </div> [] []
[2026-08-07T15:07:43.629016-03:00] app.DEBUG: [SMTP] CLIENT -> SERVER:     </div> [] []
[2026-08-07T15:07:43.629213-03:00] app.DEBUG: [SMTP] CLIENT -> SERVER: </body> [] []
[2026-08-07T15:07:43.629421-03:00] app.DEBUG: [SMTP] CLIENT -> SERVER: </html> [] []
[2026-08-07T15:07:43.629614-03:00] app.DEBUG: [SMTP] CLIENT -> SERVER: [] []
[2026-08-07T15:07:43.629819-03:00] app.DEBUG: [SMTP] CLIENT -> SERVER: [] []
[2026-08-07T15:07:43.630020-03:00] app.DEBUG: [SMTP] CLIENT -> SERVER: --b1=_4clt61yPoUGYTNq3R2C99V0eovxQNSZgsEL8ryzteSc-- [] []
[2026-08-07T15:07:43.630226-03:00] app.DEBUG: [SMTP] CLIENT -> SERVER: [] []
[2026-08-07T15:07:43.630430-03:00] app.DEBUG: [SMTP] CLIENT -> SERVER: . [] []
[2026-08-07T15:07:44.509434-03:00] app.DEBUG: [SMTP] SERVER -> CLIENT: 250 2.0.0 OK  1786126245 5a478bee46e88-315be86f98esm9813274eec.6 - gsmtp [] []
[2026-08-07T15:07:44.511414-03:00] app.DEBUG: [SMTP] CLIENT -> SERVER: QUIT [] []
[2026-08-07T15:07:44.680850-03:00] app.DEBUG: [SMTP] SERVER -> CLIENT: 221 2.0.0 closing connection 5a478bee46e88-315be86f98esm9813274eec.6 - gsmtp [] []
[2026-08-07T15:07:44.682338-03:00] app.INFO: Password reset email sent {"email":"alercio.borges@gmail.com"} []
